Loading pinned OPT checkpoint
Traceback (most recent call last):
  File "<frozen runpy>", line 198, in _run_module_as_main
  File "<frozen runpy>", line 88, in _run_code
  File "C:\Users\displ\Documents\dynamic-model-loading\runs\relu-control-worktree\src\dynamic_model_loading\relu_study.py", line 206, in <module>
    raise SystemExit(main())
                     ~~~~^^
  File "C:\Users\displ\Documents\dynamic-model-loading\runs\relu-control-worktree\src\dynamic_model_loading\relu_study.py", line 200, in main
    result = run(args.config, args.corpus, args.output, args.device)
  File "C:\Users\displ\AppData\Roaming\Python\Python314\site-packages\torch\utils\_contextlib.py", line 124, in decorate_context
    return func(*args, **kwargs)
  File "C:\Users\displ\Documents\dynamic-model-loading\runs\relu-control-worktree\src\dynamic_model_loading\relu_study.py", line 64, in run
    tokenizer = AutoTokenizer.from_pretrained(snapshot, local_files_only=True, trust_remote_code=False)
  File "C:\Users\displ\AppData\Roaming\Python\Python314\site-packages\transformers\models\auto\tokenization_auto.py", line 933, in from_pretrained
    return tokenizer_class.from_pretrained(pretrained_model_name_or_path, *inputs, **kwargs)
           ~~~~~~~~~~~~~~~~~~~~~~~~~~~~~~~^^^^^^^^^^^^^^^^^^^^^^^^^^^^^^^^^^^^^^^^^^^^^^^^^^
  File "C:\Users\displ\AppData\Roaming\Python\Python314\site-packages\transformers\tokenization_utils_base.py", line 1747, in from_pretrained
    return cls._from_pretrained(
           ~~~~~~~~~~~~~~~~~~~~^
        resolved_vocab_files,
        ^^^^^^^^^^^^^^^^^^^^^
    ...<9 lines>...
        **kwargs,
        ^^^^^^^^^
    )
    ^
  File "C:\Users\displ\AppData\Roaming\Python\Python314\site-packages\transformers\tokenization_utils_base.py", line 1943, in _from_pretrained
    tokenizer = cls(*init_inputs, **init_kwargs)
  File "C:\Users\displ\AppData\Roaming\Python\Python314\site-packages\transformers\tokenization_utils_tokenizers.py", line 376, in __init__
    raise ValueError(
    ...<5 lines>...
    )
ValueError: Couldn't instantiate the backend tokenizer from one of: 
(1) a `tokenizers` library serialization file, 
(2) a slow tokenizer instance to convert or 
(3) an equivalent slow tokenizer class to instantiate and convert. 
You need to have sentencepiece or tiktoken installed to convert a slow tokenizer to a fast one.
